[Watchdog] step=lv_timer_handler loopIterations=137946 (+16294) freeHeap=70852 minFreeHeap=59516
[Watchdog] step=M5.update loopIterations=154235 (+16286) freeHeap=70852 minFreeHeap=59516
[Watchdog] step=mqtt.loop loopIterations=170509 (+16271) freeHeap=70828 minFreeHeap=59516
[Watchdog] step=M5.update loopIterations=186792 (+16278) freeHeap=70820 minFreeHeap=59516
[Watchdog] step=mqtt.loop loopIterations=203086 (+16291) freeHeap=70820 minFreeHeap=59516
[Watchdog] step=mqtt.loop loopIterations=219380 (+16291) freeHeap=70820 minFreeHeap=59516
[Watchdog] step=mqtt.loop loopIterations=235675 (+16292) freeHeap=70820 minFreeHeap=59516
[Watchdog] step=factoryResetCombo loopIterations=251969 (+16291) freeHeap=70820 minFreeHeap=59516
[Watchdog] step=M5.update loopIterations=268267 (+16295) freeHeap=70820 minFreeHeap=59516
[Watchdog] step=M5.update loopIterations=284572 (+16302) freeHeap=70820 minFreeHeap=59516
[Watchdog] step=mqtt.loop loopIterations=300864 (+16290) freeHeap=70812 minFreeHeap=59516
[Watchdog] step=mqtt.loop loopIterations=317159 (+16291) freeHeap=70812 minFreeHeap=59516
[ScreenPower] Active -> Idle
[Watchdog] step=mqtt.loop loopIterations=333428 (+16266) freeHeap=70812 minFreeHeap=59516
[Watchdog] step=M5.update loopIterations=349694 (+16262) freeHeap=70812 minFreeHeap=59516
[Watchdog] step=M5.update loopIterations=365967 (+16270) freeHeap=70812 minFreeHeap=59516
[Watchdog] step=mqtt.loop loopIterations=382240 (+16270) freeHeap=70812 minFreeHeap=59516
[Watchdog] step=mqtt.loop loopIterations=398513 (+16270) freeHeap=70812 minFreeHeap=59516
[Watchdog] step=mqtt.loop loopIterations=414786 (+16270) freeHeap=70812 minFreeHeap=59516
[Watchdog] step=mqtt.loop loopIterations=431059 (+16270) freeHeap=70812 minFreeHeap=59516
[Watchdog] step=mqtt.loop loopIterations=447344 (+16282) freeHeap=70812 minFreeHeap=59516
[Watchdog] step=mqtt.loop loopIterations=463630 (+16283) freeHeap=70812 minFreeHeap=59516
[Watchdog] step=mqtt.loop loopIterations=479912 (+16279) freeHeap=70812 minFreeHeap=59516
[Watchdog] step=M5.update loopIterations=496185 (+16270) freeHeap=70812 minFreeHeap=59516
[Watchdog] step=mqtt.loop loopIterations=512450 (+16262) freeHeap=70844 minFreeHeap=59516
[Watchdog] step=mqtt.loop loopIterations=528722 (+16268) freeHeap=70812 minFreeHeap=59516
[Watchdog] step=mqtt.loop loopIterations=544962 (+16237) freeHeap=70812 minFreeHeap=59516
[Watchdog] step=M5.update loopIterations=561237 (+16273) freeHeap=70812 minFreeHeap=59516
[Watchdog] step=mqtt.loop loopIterations=577505 (+16268) freeHeap=70812 minFreeHeap=59516
[Watchdog] step=mqtt.loop loopIterations=593773 (+16267) freeHeap=70812 minFreeHeap=59516
[Watchdog] step=M5.update loopIterations=610050 (+16275) freeHeap=70812 minFreeHeap=59516
[Watchdog] step=mqtt.loop loopIterations=626334 (+16284) freeHeap=70812 minFreeHeap=59516
[Watchdog] step=mqtt.loop loopIterations=642618 (+16283) freeHeap=70812 minFreeHeap=59516
[Watchdog] step=mqtt.loop loopIterations=658896 (+16277) freeHeap=70852 minFreeHeap=59516
[Watchdog] step=mqtt.loop loopIterations=675164 (+16267) freeHeap=70852 minFreeHeap=59516
[Watchdog] step=M5.update loopIterations=691437 (+16272) freeHeap=70852 minFreeHeap=59516
[Watchdog] step=M5.update loopIterations=707712 (+16275) freeHeap=70852 minFreeHeap=59516
[Watchdog] step=mqtt.loop loopIterations=723985 (+16273) freeHeap=70852 minFreeHeap=59516
[Watchdog] step=mqtt.loop loopIterations=740259 (+16273) freeHeap=70852 minFreeHeap=59516
[Watchdog] step=mqtt.loop loopIterations=756530 (+16270) freeHeap=70852 minFreeHeap=59516
[Watchdog] step=mqtt.loop loopIterations=772805 (+16273) freeHeap=70852 minFreeHeap=59516
[Watchdog] step=idle loopIterations=789083 (+16277) freeHeap=70852 minFreeHeap=59516
[Watchdog] step=M5.update loopIterations=805366 (+16282) freeHeap=70852 minFreeHeap=59516
[Watchdog] step=mqtt.loop loopIterations=821652 (+16285) freeHeap=70852 minFreeHeap=59516
[Watchdog] step=M5.update loopIterations=837920 (+16267) freeHeap=70852 minFreeHeap=59516
[Watchdog] step=mqtt.loop loopIterations=854193 (+16273) freeHeap=70852 minFreeHeap=59516
[Watchdog] step=M5.update loopIterations=870467 (+16273) freeHeap=70852 minFreeHeap=59516
[Watchdog] step=idle loopIterations=886741 (+16274) freeHeap=70852 minFreeHeap=59516
[Watchdog] step=mqtt.loop loopIterations=903017 (+16276) freeHeap=70852 minFreeHeap=59516
[Watchdog] step=M5.update loopIterations=919286 (+16268) freeHeap=70852 minFreeHeap=59516
[Watchdog] step=M5.update loopIterations=935560 (+16273) freeHeap=70852 minFreeHeap=59516
[Watchdog] step=M5.update loopIterations=951839 (+16278) freeHeap=70852 minFreeHeap=59516
[Watchdog] step=mqtt.loop loopIterations=968123 (+16284) freeHeap=70852 minFreeHeap=59516
[Watchdog] step=mqtt.loop loopIterations=984409 (+16285) freeHeap=70852 minFreeHeap=59516
[Watchdog] step=idle loopIterations=1000675 (+16265) freeHeap=70852 minFreeHeap=59516
[Watchdog] step=M5.update loopIterations=1016949 (+16272) freeHeap=70852 minFreeHeap=59516
[Watchdog] step=mqtt.loop loopIterations=1033193 (+16243) freeHeap=70852 minFreeHeap=59516
[Watchdog] step=lv_timer_handler loopIterations=1049468 (+16271) freeHeap=71076 minFreeHeap=59516
[Watchdog] step=mqtt.loop loopIterations=1065741 (+16270) freeHeap=71076 minFreeHeap=59516
[Watchdog] step=factoryResetCombo loopIterations=1082003 (+16259) freeHeap=71076 minFreeHeap=59516
[Watchdog] step=mqtt.loop loopIterations=1098278 (+16270) freeHeap=71076 minFreeHeap=59516
[Watchdog] step=mqtt.loop loopIterations=1114551 (+16270) freeHeap=71076 minFreeHeap=59516
[Watchdog] step=mqtt.loop loopIterations=1130831 (+16277) freeHeap=71076 minFreeHeap=59516
[Watchdog] step=M5.update loopIterations=1147119 (+16285) freeHeap=71076 minFreeHeap=59516
[Watchdog] step=mqtt.loop loopIterations=1163404 (+16282) freeHeap=71076 minFreeHeap=59516
[Watchdog] step=mqtt.loop loopIterations=1179680 (+16273) freeHeap=71076 minFreeHeap=59516
[Watchdog] step=mqtt.loop loopIterations=1195947 (+16264) freeHeap=71076 minFreeHeap=59516
[Watchdog] step=mqtt.loop loopIterations=1212223 (+16272) freeHeap=71076 minFreeHeap=59516
[Watchdog] step=mqtt.loop loopIterations=1228496 (+16270) freeHeap=71076 minFreeHeap=59516
[Watchdog] step=mqtt.loop loopIterations=1244767 (+16268) freeHeap=71076 minFreeHeap=59516
[Watchdog] step=mqtt.loop loopIterations=1261041 (+16270) freeHeap=71076 minFreeHeap=59516
[Watchdog] step=mqtt.loop loopIterations=1277315 (+16271) freeHeap=71076 minFreeHeap=59516
[Watchdog] step=idle loopIterations=1293583 (+16264) freeHeap=71076 minFreeHeap=59516
[Watchdog] step=M5.update loopIterations=1309866 (+16280) freeHeap=71076 minFreeHeap=59516
[Watchdog] step=mqtt.loop loopIterations=1326139 (+16270) freeHeap=71076 minFreeHeap=59516
[Watchdog] step=M5.update loopIterations=1342419 (+16277) freeHeap=71076 minFreeHeap=59516
[Watchdog] step=mqtt.loop loopIterations=1358679 (+16257) freeHeap=71076 minFreeHeap=59516
[Watchdog] step=lv_timer_handler loopIterations=1374952 (+16270) freeHeap=71076 minFreeHeap=59516
[Watchdog] step=mqtt.loop loopIterations=1391224 (+16269) freeHeap=71076 minFreeHeap=59516
[Watchdog] step=lv_timer_handler loopIterations=1407496 (+16269) freeHeap=71076 minFreeHeap=59516
[Watchdog] step=lv_timer_handler loopIterations=1423772 (+16272) freeHeap=71076 minFreeHeap=59516
[Watchdog] step=idle loopIterations=1440048 (+16273) freeHeap=71076 minFreeHeap=59516
[Watchdog] step=mqtt.loop loopIterations=1456321 (+16270) freeHeap=71076 minFreeHeap=59516
[Watchdog] step=mqtt.loop loopIterations=1472595 (+16270) freeHeap=71076 minFreeHeap=59516
[Watchdog] step=mqtt.loop loopIterations=1488869 (+16271) freeHeap=71076 minFreeHeap=59516
[Watchdog] step=M5.update loopIterations=1505154 (+16281) freeHeap=71076 minFreeHeap=59516
[Watchdog] step=mqtt.loop loopIterations=1521390 (+16233) freeHeap=71076 minFreeHeap=59516
[Watchdog] step=mqtt.loop loopIterations=1537664 (+16270) freeHeap=71076 minFreeHeap=59516
[Watchdog] step=mqtt.loop loopIterations=1553937 (+16270) freeHeap=71076 minFreeHeap=59516
[Watchdog] step=idle loopIterations=1570205 (+16265) freeHeap=71076 minFreeHeap=59516
[Watchdog] step=M5.update loopIterations=1586479 (+16269) freeHeap=71076 minFreeHeap=59516
[Watchdog] step=mqtt.loop loopIterations=1602753 (+16271) freeHeap=71076 minFreeHeap=59516
[Watchdog] step=mqtt.loop loopIterations=1619029 (+16273) freeHeap=71076 minFreeHeap=59516
[Watchdog] step=lv_timer_handler loopIterations=1635303 (+16271) freeHeap=71076 minFreeHeap=59516
[Watchdog] step=mqtt.loop loopIterations=1651586 (+16280) freeHeap=71076 minFreeHeap=59516
[Watchdog] step=mqtt.loop loopIterations=1667865 (+16276) freeHeap=71076 minFreeHeap=59516
[Watchdog] step=lv_timer_handler loopIterations=1684145 (+16277) freeHeap=71076 minFreeHeap=59516
[Watchdog] step=mqtt.loop loopIterations=1700420 (+16272) freeHeap=71076 minFreeHeap=59516
[Watchdog] step=lv_timer_handler loopIterations=1716694 (+16271) freeHeap=71076 minFreeHeap=59516
[Watchdog] step=mqtt.loop loopIterations=1732967 (+16270) freeHeap=71076 minFreeHeap=59516
[Watchdog] step=M5.update loopIterations=1749239 (+16268) freeHeap=71076 minFreeHeap=59516
[Watchdog] step=mqtt.loop loopIterations=1765514 (+16272) freeHeap=71076 minFreeHeap=59516
[Watchdog] step=mqtt.loop loopIterations=1781786 (+16269) freeHeap=71076 minFreeHeap=59516
[Watchdog] step=mqtt.loop loopIterations=1798062 (+16273) freeHeap=71076 minFreeHeap=59516
[Watchdog] step=mqtt.loop loopIterations=1814330 (+16265) freeHeap=71076 minFreeHeap=59516
[Watchdog] step=mqtt.loop loopIterations=1830618 (+16284) freeHeap=71076 minFreeHeap=59516
[Watchdog] step=lv_timer_handler loopIterations=1846904 (+16283) freeHeap=71076 minFreeHeap=59516
[Watchdog] step=lv_timer_handler loopIterations=1863182 (+16275) freeHeap=71076 minFreeHeap=59516
[Watchdog] step=mqtt.loop loopIterations=1879456 (+16271) freeHeap=71076 minFreeHeap=59516
[Watchdog] step=mqtt.loop loopIterations=1895724 (+16265) freeHeap=71076 minFreeHeap=59516
[Watchdog] step=mqtt.loop loopIterations=1912000 (+16272) freeHeap=71076 minFreeHeap=59516
[Watchdog] step=mqtt.loop loopIterations=1928273 (+16270) freeHeap=71076 minFreeHeap=59516
[Watchdog] step=mqtt.loop loopIterations=1944548 (+16272) freeHeap=71076 minFreeHeap=59516
[Watchdog] step=mqtt.loop loopIterations=1960824 (+16273) freeHeap=71076 minFreeHeap=59516
[Watchdog] step=mqtt.loop loopIterations=1977090 (+16263) freeHeap=71076 minFreeHeap=59516
[Watchdog] step=mqtt.loop loopIterations=1993372 (+16278) freeHeap=71076 minFreeHeap=59516
[Watchdog] step=mqtt.loop loopIterations=2009630 (+16254) freeHeap=71076 minFreeHeap=59516
[Watchdog] step=mqtt.loop loopIterations=2025906 (+16272) freeHeap=71076 minFreeHeap=59516
[Watchdog] step=lv_timer_handler loopIterations=2042179 (+16270) freeHeap=71076 minFreeHeap=59516
[Watchdog] step=mqtt.loop loopIterations=2058443 (+16261) freeHeap=71076 minFreeHeap=59516
[Watchdog] step=mqtt.loop loopIterations=2074718 (+16271) freeHeap=71076 minFreeHeap=59516
[Watchdog] step=M5.update loopIterations=2090992 (+16271) freeHeap=71076 minFreeHeap=59516
[Watchdog] step=mqtt.loop loopIterations=2107263 (+16268) freeHeap=71076 minFreeHeap=59516
[Watchdog] step=mqtt.loop loopIterations=2123535 (+16268) freeHeap=71076 minFreeHeap=59516
